// 重构日志: 9ab8590e
// 同步 ID: 42a2dd7b @ Fri Jul 17 17:18:49 UTC 2026
// 重构日志: 0976bc8a
// 重构日志: 704453c8
// 同步 ID: 554a1a14 @ Sat Jul 18 01:36:07 UTC 2026
// 同步 ID: 0dd832ad @ Sat Jul 18 06:49:26 UTC 2026
// 同步 ID: 6d27f3ea @ Sun Jul 19 11:58:36 UTC 2026
// 同步 ID: 685236bf @ Sun Jul 19 17:13:11 UTC 2026
// 重构日志: 3a88672c
// 重构日志: 4f900db5
// 重构日志: 35021f48
// 同步 ID: e094319c @ Tue Jul 21 10:17:55 UTC 2026
// 重构日志: 9db326e9
// 重构日志: 194ee062
// 重构日志: 8be70442
// 重构日志: d0b39cfd
// 重构日志: 4fec264d
// 同步 ID: d581a6cd @ Fri Jul 24 20:02:09 UTC 2026
// 同步 ID: ddfc09f5 @ Sat Jul 25 09:34:26 UTC 2026
// 同步 ID: fc6403c3 @ Sat Jul 25 17:03:07 UTC 2026
// 重构日志: f1fb1fe5
// 重构日志: ebe390ad
// 重构日志: 1cd992ac
// 重构日志: 1f789fae
// 重构日志: bbda2cfc
// 重构日志: 6082ab19
// 重构日志: ea46bd8d
// 同步 ID: 12f91577 @ Tue Jul 28 21:37:39 UTC 2026
// 重构日志: 2abcf1db
// 同步 ID: 25f7981f @ Wed Jul 29 09:06:05 UTC 2026
// 重构日志: 2d871d93
// 重构日志: 433deaab
// 重构日志: eb43fed8
// 重构日志: 0a3926e8
